// Jest Snapshot v1, https://goo.gl/fbAQLP

exports[`components:Board renders the Board with the proper styles 1`] = `
.c0 {
  -webkit-align-self: center;
  -ms-flex-item-align: center;
  align-self: center;
  display: grid;
  grid-area: board;
  grid-gap: 0;
  grid-template-areas: 'zero one two' 'three four five' 'six seven eight';
  grid-template-columns: 20vh 20vh 20vh;
  grid-template-rows: 20vh 20vh 20vh;
  justify-self: center;
  margin: auto;
  height: 60vh;
  width: 60vh;
}

<div
  className="c0"
/>
`;
